// Jest Snapshot v1, https://goo.gl/fbAQLP

exports[`Footer renders the Footer component correctly 1`] = `
<div>
  <footer
    class="globalFooter"
  >
    Â©
    2020 - 
    <a
      alt="Jonur on Github"
      class="link"
      href="https://github.com/Jonur"
      rel="noopener noreferrer"
      target="_blank"
    >
      Jonur
    </a>
     - 
    <a
      alt="Application Privacy Policy"
      class="link"
      href="https://github.com/Jonur/covid19-eu-report/blob/master/PrivacyPolicy.md"
      rel="noopener noreferrer"
      target="_blank"
    >
      Privacy Policy
    </a>
  </footer>
</div>
`;
